// Jest Snapshot v1, https://goo.gl/fbAQLP

exports[`Header matches the snapshot 1`] = `
{
  "asFragment": [Function],
  "baseElement": <body>
    <div>
      <header
        class="relative w-full overflow-hidden bg-cinder uppercase dark:border-b-2 dark:border-b-icterine dark:pb-8"
      >
        <h1
          class="relative -left-2 -top-4 m-0 -mb-14 whitespace-nowrap p-0 text-[15.9vw]"
        >
          Brazilian Nut 
          <span
            class="outline"
          >
            News
          </span>
        </h1>
        <img
          alt="Where the best news rises to the top"
          class="absolute bottom-8 right-0 bg-cinder px-3 py-1"
          src="/images/subheading.svg"
        />
      </header>
    </div>
  </body>,
  "container": <div>
    <header
      class="relative w-full overflow-hidden bg-cinder uppercase dark:border-b-2 dark:border-b-icterine dark:pb-8"
    >
      <h1
        class="relative -left-2 -top-4 m-0 -mb-14 whitespace-nowrap p-0 text-[15.9vw]"
      >
        Brazilian Nut 
        <span
          class="outline"
        >
          News
        </span>
      </h1>
      <img
        alt="Where the best news rises to the top"
        class="absolute bottom-8 right-0 bg-cinder px-3 py-1"
        src="/images/subheading.svg"
      />
    </header>
  </div>,
  "debug": [Function],
  "findAllByAltText": [Function],
  "findAllByDisplayValue": [Function],
  "findAllByLabelText": [Function],
  "findAllByPlaceholderText": [Function],
  "findAllByRole": [Function],
  "findAllByTestId": [Function],
  "findAllByText": [Function],
  "findAllByTitle": [Function],
  "findByAltText": [Function],
  "findByDisplayValue": [Function],
  "findByLabelText": [Function],
  "findByPlaceholderText": [Function],
  "findByRole": [Function],
  "findByTestId": [Function],
  "findByText": [Function],
  "findByTitle": [Function],
  "getAllByAltText": [Function],
  "getAllByDisplayValue": [Function],
  "getAllByLabelText": [Function],
  "getAllByPlaceholderText": [Function],
  "getAllByRole": [Function],
  "getAllByTestId": [Function],
  "getAllByText": [Function],
  "getAllByTitle": [Function],
  "getByAltText": [Function],
  "getByDisplayValue": [Function],
  "getByLabelText": [Function],
  "getByPlaceholderText": [Function],
  "getByRole": [Function],
  "getByTestId": [Function],
  "getByText": [Function],
  "getByTitle": [Function],
  "queryAllByAltText": [Function],
  "queryAllByDisplayValue": [Function],
  "queryAllByLabelText": [Function],
  "queryAllByPlaceholderText": [Function],
  "queryAllByRole": [Function],
  "queryAllByTestId": [Function],
  "queryAllByText": [Function],
  "queryAllByTitle": [Function],
  "queryByAltText": [Function],
  "queryByDisplayValue": [Function],
  "queryByLabelText": [Function],
  "queryByPlaceholderText": [Function],
  "queryByRole": [Function],
  "queryByTestId": [Function],
  "queryByText": [Function],
  "queryByTitle": [Function],
  "rerender": [Function],
  "unmount": [Function],
}
`;
